-LCrXhzWb1w string indices must be integers, not 'str'
-xABj0wKiBU string indices must be integers, not 'str'
0Ns_N8fVv9I string indices must be integers, not 'str'
0oOTxUi3jk0 string indices must be integers, not 'str'
1QddQU3MSyk string indices must be integers, not 'str'
2SGSx-PBHEY string indices must be integers, not 'str'
2_eUUj_flvQ string indices must be integers, not 'str'
2qkDJRUczz0 string indices must be integers, not 'str'
3CKXF141Wao string indices must be integers, not 'str'
3cT3Mu9KoKo string indices must be integers, not 'str'
4BjzbjGGdZ8 string indices must be integers, not 'str'
4rOWmyvc3sk string indices must be integers, not 'str'
577hMdf-740 string indices must be integers, not 'str'
5vU-ATfMS9c string indices must be integers, not 'str'
6dtJ7DkPVSI string indices must be integers, not 'str'
6iwaroyFfSE string indices must be integers, not 'str'
7ADOGajDN5Q string indices must be integers, not 'str'
7V2Gr_thwp0 string indices must be integers, not 'str'
7pxywAqn0xQ string indices must be integers, not 'str'
8B3akaUg--s string indices must be integers, not 'str'
95dQrIcdCxk string indices must be integers, not 'str'
9c1uWPc-DFc string indices must be integers, not 'str'
AP-W-SDBt1M string indices must be integers, not 'str'
Ai3NAirnxR0 string indices must be integers, not 'str'
Aye8dYGyyl0 string indices must be integers, not 'str'
BEnA9ixpuKk string indices must be integers, not 'str'
BVVVySiZSFA string indices must be integers, not 'str'
Bo4IyN06KNQ string indices must be integers, not 'str'
C6ktyM1Gl60 string indices must be integers, not 'str'
CXq4o6PwKqY string indices must be integers, not 'str'
Cn_fnQf105g string indices must be integers, not 'str'
DkKG67TKjPs string indices must be integers, not 'str'
EC9VzyVJ6Jg string indices must be integers, not 'str'
Emcpi2rFgZ8 string indices must be integers, not 'str'
F7Z5BuGPNfc string indices must be integers, not 'str'
FNckSmLHuaQ string indices must be integers, not 'str'
FuzTJRReDMI string indices must be integers, not 'str'
GAkE8WsbcQo string indices must be integers, not 'str'
GRyXhfu_ZUE string indices must be integers, not 'str'
GrwSaRK4VFw string indices must be integers, not 'str'
HGDnRo4caIs string indices must be integers, not 'str'
HaeB_bkJ-kM string indices must be integers, not 'str'
Hwzar2DxhcA string indices must be integers, not 'str'
IJ9ErH_23B4 string indices must be integers, not 'str'
JBdMwxfDN3Q string indices must be integers, not 'str'
JYOwfqF5dmI string indices must be integers, not 'str'
JlRNLCq4HWE string indices must be integers, not 'str'
KS3z2qvp4yA string indices must be integers, not 'str'
LSNDs13EkL0 string indices must be integers, not 'str'
LpuxYdWcnVA string indices must be integers, not 'str'
MJ8wjPvqv-E string indices must be integers, not 'str'
NE0DpMSqTOI string indices must be integers, not 'str'
NXoreH_5coA string indices must be integers, not 'str'
OCNyUU2e82s string indices must be integers, not 'str'
PKEF6s2OC_A string indices must be integers, not 'str'
PfKoTHwE72E string indices must be integers, not 'str'
QMPlAiyWUW4 string indices must be integers, not 'str'
QdGXMaYKRik string indices must be integers, not 'str'
Qv3arzsorCc string indices must be integers, not 'str'
RWZ553deROY string indices must be integers, not 'str'
SVrDOOEYW7k string indices must be integers, not 'str'
SrESlPEjyY8 string indices must be integers, not 'str'
T8HAsylhBmI string indices must be integers, not 'str'
Ta0Y5SqcJyc string indices must be integers, not 'str'
TwOvSaI3308 string indices must be integers, not 'str'
UBMluINRans string indices must be integers, not 'str'
UBMluINRans string indices must be integers, not 'str'
UdlkdrCCYIo string indices must be integers, not 'str'
V3jRuaHNeOo string indices must be integers, not 'str'
VUmP7ZZkXoY string indices must be integers, not 'str'
Vm_xECt8prQ string indices must be integers, not 'str'
VsO4fNU7438 string indices must be integers, not 'str'
WMXj690zq28 string indices must be integers, not 'str'
Wfa3UtoJE0M string indices must be integers, not 'str'
XD3RpPW1pOA string indices must be integers, not 'str'
XkIv5PtQM6c string indices must be integers, not 'str'
XxwntadlDe4 string indices must be integers, not 'str'
Y_jtHIezOqU string indices must be integers, not 'str'
Z1F1bb5uMt0 string indices must be integers, not 'str'
ZZRSPyIXLgs string indices must be integers, not 'str'
_4dNif7hpDI string indices must be integers, not 'str'
_Dy2Wd_ZNSA string indices must be integers, not 'str'
_XXBPzeMgaM string indices must be integers, not 'str'
_lps6D0eZ5A string indices must be integers, not 'str'
a2AJvCPcNUE string indices must be integers, not 'str'
a_ME1g2U7NI string indices must be integers, not 'str'
bYok-YUJkwA string indices must be integers, not 'str'
c-i35We-6rI string indices must be integers, not 'str'
c7bmBoOWEGY string indices must be integers, not 'str'
ch9epSJsu_Q string indices must be integers, not 'str'
dFs15d0W4r8 string indices must be integers, not 'str'
dUwnKWL5D2A string indices must be integers, not 'str'
dkRUzPkbQtc string indices must be integers, not 'str'
eaiVWS0p5jU string indices must be integers, not 'str'
fuL4tfc10AA string indices must be integers, not 'str'
gZZRdXEGGps string indices must be integers, not 'str'
h23tNmqjdRs string indices must be integers, not 'str'
hvW-_5_1kc4 string indices must be integers, not 'str'
i_ljMwshawc string indices must be integers, not 'str'
j6MED4ZG-xc string indices must be integers, not 'str'
jaqN-kFKJkc string indices must be integers, not 'str'
k3bdtjScu1o string indices must be integers, not 'str'
kSKO1wrfPTc string indices must be integers, not 'str'
knAntHa84as string indices must be integers, not 'str'
lIKH8ZEW0a0 string indices must be integers, not 'str'
lmwRX05RrmA string indices must be integers, not 'str'
m9tSEHxhfLY string indices must be integers, not 'str'
mR-KgEshQZQ string indices must be integers, not 'str'
m_f6ACl5If4 string indices must be integers, not 'str'
nHGigudjDtE string indices must be integers, not 'str'
nyVynKLbGoQ string indices must be integers, not 'str'
occ80F13gXI string indices must be integers, not 'str'
pGNweUleVVE string indices must be integers, not 'str'
pgfNPEAqFhs string indices must be integers, not 'str'
q9ui9dXHBmA string indices must be integers, not 'str'
qcJ-oiS6YtY string indices must be integers, not 'str'
qtsV8QFtHa0 string indices must be integers, not 'str'
rJZOYpQEcL4 string indices must be integers, not 'str'
rpIUe3oYSp8 string indices must be integers, not 'str'
sDjy-8Nye1w string indices must be integers, not 'str'
srMWi1HVUeQ string indices must be integers, not 'str'
taNg3U9Lv_E string indices must be integers, not 'str'
uXAsWdzLRyI string indices must be integers, not 'str'
uqtGxhUly-s string indices must be integers, not 'str'
vClTp5d-N5c string indices must be integers, not 'str'
vUHPxpmBPA0 string indices must be integers, not 'str'
vuzJfXGEcjs string indices must be integers, not 'str'
wGhlwvMQcp4 string indices must be integers, not 'str'
wRtiAGnUuRI string indices must be integers, not 'str'
xDOkW-bKMOg string indices must be integers, not 'str'
xaee40VMLOk string indices must be integers, not 'str'
y4hQ0aBS7sw string indices must be integers, not 'str'
yFwV3Ra50e8 string indices must be integers, not 'str'
z-xsKZJFYkQ string indices must be integers, not 'str'
zVBZQA9ALpY string indices must be integers, not 'str'
