-E2xgpNIgqw string indices must be integers, not 'str'
-lt9p7Df5MI string indices must be integers, not 'str'
0DG2vS6DcOM string indices must be integers, not 'str'
0hPG4-41iUo string indices must be integers, not 'str'
1P5lnNaVB0Q string indices must be integers, not 'str'
2H5T_cvHlM8 string indices must be integers, not 'str'
2X7d4z3QQs0 string indices must be integers, not 'str'
2qG5nrkkz1E string indices must be integers, not 'str'
312_GNWSs7k string indices must be integers, not 'str'
3RIq3WDBcI8 string indices must be integers, not 'str'
3uDWNU5xGho string indices must be integers, not 'str'
4YMpDORxuWI string indices must be integers, not 'str'
4xkNKl95iuU string indices must be integers, not 'str'
5ui0uEPPyyI string indices must be integers, not 'str'
6afxPM2NloU string indices must be integers, not 'str'
6gw8cjH823Y string indices must be integers, not 'str'
764wMiJn5Lg string indices must be integers, not 'str'
7RfYU9Za5a0 string indices must be integers, not 'str'
7puZUPjOoOI string indices must be integers, not 'str'
83Drzy7t8JQ string indices must be integers, not 'str'
8TurVo3H0HI string indices must be integers, not 'str'
9RhAYtwmSx4 string indices must be integers, not 'str'
A96PrZawbjE string indices must be integers, not 'str'
AfYQzbEVDR8 string indices must be integers, not 'str'
AvC_QxY6jr8 string indices must be integers, not 'str'
BDaQXA0Tj80 string indices must be integers, not 'str'
BRqIezbVMHM string indices must be integers, not 'str'
BnOELrJYGxo string indices must be integers, not 'str'
C6dGrr-8lro string indices must be integers, not 'str'
CTX2RLKZyqY string indices must be integers, not 'str'
ChHnxi2JyHE string indices must be integers, not 'str'
DZYDqfmsKJE string indices must be integers, not 'str'
DymaE4kWnXI string indices must be integers, not 'str'
Egj9k4ksoxA string indices must be integers, not 'str'
F7KaAby26jA string indices must be integers, not 'str'
FL-du2TAwCU string indices must be integers, not 'str'
FhNMn8GpDPY string indices must be integers, not 'str'
G7u1JcSMxJo string indices must be integers, not 'str'
GHi4S9f7K_M string indices must be integers, not 'str'
GkuxNg-j6uI string indices must be integers, not 'str'
HATAevRAlxQ string indices must be integers, not 'str'
HQzUe419tak string indices must be integers, not 'str'
HtiaWwARifA string indices must be integers, not 'str'
IAOcs9B40fo string indices must be integers, not 'str'
IZkw13uXAn8 string indices must be integers, not 'str'
JW2Gp36u-54 string indices must be integers, not 'str'
JkMDu65J4Do string indices must be integers, not 'str'
KK6BEuBVdGM string indices must be integers, not 'str'
LP7tkPO6Wqk string indices must be integers, not 'str'
Lo2HvvuxaFM string indices must be integers, not 'str'
M5gHHXiib3o string indices must be integers, not 'str'
N4yc7iB08O4 string indices must be integers, not 'str'
NQlL59f4OFY string indices must be integers, not 'str'
O4wHk55k0VA string indices must be integers, not 'str'
OiZneVh_9OE string indices must be integers, not 'str'
Pd_ucqUKWdY string indices must be integers, not 'str'
QJxKnIYmBxc string indices must be integers, not 'str'
QZvyWiYuatE string indices must be integers, not 'str'
QtAx8fbvG48 string indices must be integers, not 'str'
RI3s3DUFaEk string indices must be integers, not 'str'
SSYQMuVHESg string indices must be integers, not 'str'
ScYez6zSOUs string indices must be integers, not 'str'
SwWyR6ywyMg string indices must be integers, not 'str'
TU7KVw9j060 string indices must be integers, not 'str'
Tueua6R6b3Q string indices must be integers, not 'str'
U5suWMMABoo string indices must be integers, not 'str'
U_nTl4Xp8u4 string indices must be integers, not 'str'
V3g6Dj8n6cY string indices must be integers, not 'str'
VKWdcZ09Kak string indices must be integers, not 'str'
Vdp77ifHEX8 string indices must be integers, not 'str'
VqXnhcpiXZw string indices must be integers, not 'str'
WA3i9KTyLso string indices must be integers, not 'str'
Wdhop--5E4w string indices must be integers, not 'str'
XCK1wmdicHA string indices must be integers, not 'str'
XizpLGUcHRw string indices must be integers, not 'str'
XqzBJco78xM string indices must be integers, not 'str'
YZ2K8T2M9U4 string indices must be integers, not 'str'
Z-WqUhAOHcc string indices must be integers, not 'str'
ZYOetdjlnKQ string indices must be integers, not 'str'
Zop0Yx6ZY5s string indices must be integers, not 'str'
_Cix4amo0aY string indices must be integers, not 'str'
_U9LnPBVBGs string indices must be integers, not 'str'
_lplkKbMLUo string indices must be integers, not 'str'
a1tAGoynS8U string indices must be integers, not 'str'
aP-WSjUhghQ string indices must be integers, not 'str'
bKkksAngJtw string indices must be integers, not 'str'
bqH6YO0lv_Q string indices must be integers, not 'str'
c6z64C7aGmo string indices must be integers, not 'str'
cXBincHAc7w string indices must be integers, not 'str'
d8a9ZLIeqxQ string indices must be integers, not 'str'
dUprHPTKX7I string indices must be integers, not 'str'
dfXxO4zWFk8 string indices must be integers, not 'str'
eZhSMr9T7WI string indices must be integers, not 'str'
fXCj-Rtbi4U string indices must be integers, not 'str'
gYnAgWRcZPM string indices must be integers, not 'str'
gvZVs6BjHmY string indices must be integers, not 'str'
hoEkSgC6Gow string indices must be integers, not 'str'
iTGxdw1VoWg string indices must be integers, not 'str'
j5g0Ud8i0C0 string indices must be integers, not 'str'
jYgg9ATqtv8 string indices must be integers, not 'str'
jtq0-cknQnE string indices must be integers, not 'str'
kI5onbXSByc string indices must be integers, not 'str'
kewfTE-b5qM string indices must be integers, not 'str'
lGFKwshHjWQ string indices must be integers, not 'str'
lWzAspMH700 string indices must be integers, not 'str'
m5EbXdrljQs string indices must be integers, not 'str'
mMkFSQy8USc string indices must be integers, not 'str'
mYnYZF1fnz0 string indices must be integers, not 'str'
nFoF0jIAgEU string indices must be integers, not 'str'
nmGsjDTL2UI string indices must be integers, not 'str'
oYRPDfYhZhI string indices must be integers, not 'str'
pG8Rg862ATI string indices must be integers, not 'str'
pTX2sNFz3Nw string indices must be integers, not 'str'
q9QSdLZgYo0 string indices must be integers, not 'str'
qcFxeEwhkuU string indices must be integers, not 'str'
qkfAFYWBJaY string indices must be integers, not 'str'
r9iu4GWy7Q8 string indices must be integers, not 'str'
rlr-SmmBC_A string indices must be integers, not 'str'
sDIpSPflMQo string indices must be integers, not 'str'
sZBBAlHSQKA string indices must be integers, not 'str'
tV6Om9aIz2A string indices must be integers, not 'str'
uEwVQnLnHRo string indices must be integers, not 'str'
unDS_lBHxwQ string indices must be integers, not 'str'
v5qUkFMkh_k string indices must be integers, not 'str'
vPkHrSBVfzQ string indices must be integers, not 'str'
vtg4pf5dsKs string indices must be integers, not 'str'
wFHIwUqKuqI string indices must be integers, not 'str'
wPMzDWDFxaY string indices must be integers, not 'str'
x2UhQVKFod4 string indices must be integers, not 'str'
xXshizAYApQ string indices must be integers, not 'str'
y0wUFaFq9eI string indices must be integers, not 'str'
yBLbtMFgI-k string indices must be integers, not 'str'
z-VQzjxHaWc string indices must be integers, not 'str'
zOOcWzA7fvs string indices must be integers, not 'str'
zpFxsJJ8898 string indices must be integers, not 'str'
