2026-10-09 10:20:27 fleetkeeper started (10-min patrol)
2026-10-09 10:20:32 watchdog DEAD - relaunching
2026-10-09 12:45:43 fleetkeeper started (10-min patrol)
2026-10-09 12:45:44 miro DEAD - relaunching
2026-10-09 12:45:45 swarm DEAD - relaunching
2026-10-09 12:45:47 harvest DEAD - relaunching
2026-10-09 12:45:49 watchdog DEAD - relaunching
2026-10-09 14:20:51 fleetkeeper started (10-min patrol)
2026-10-09 14:20:56 watchdog DEAD - relaunching
2026-10-09 14:29:56 fleetkeeper started (10-min patrol)
2026-10-09 14:43:43 fleetkeeper started (10-min patrol)
2026-10-09 15:24:04 miro DEAD - relaunching
2026-10-09 15:24:05 swarm DEAD - relaunching
2026-10-09 15:24:07 harvest DEAD - relaunching
2026-10-09 15:24:09 watchdog DEAD - relaunching
2026-10-09 17:45:23 harvest DEAD - relaunching
2026-10-10 11:43:43 fleetkeeper started (10-min patrol)
2026-10-10 11:43:44 miro DEAD - relaunching
2026-10-10 11:43:45 swarm DEAD - relaunching
2026-10-10 11:43:47 delphicursor DEAD - relaunching
2026-10-10 11:43:48 harvest DEAD - relaunching
2026-10-10 11:43:49 watchdog DEAD - relaunching
2026-10-10 11:54:40 fleetkeeper started (10-min patrol)
2026-10-10 16:58:43 fleetkeeper started (10-min patrol)
2026-10-10 16:58:44 miro DEAD - relaunching
2026-10-10 16:58:44 swarm DEAD - relaunching
2026-10-10 16:58:45 delphicursor DEAD - relaunching
2026-10-10 16:58:46 harvest DEAD - relaunching
2026-10-10 16:58:47 watchdog DEAD - relaunching
2026-10-10 17:28:43 fleetkeeper started (10-min patrol)
2026-10-10 17:28:44 miro DEAD - relaunching
2026-10-10 17:28:45 swarm DEAD - relaunching
2026-10-10 17:28:46 delphicursor DEAD - relaunching
2026-10-10 17:28:46 harvest DEAD - relaunching
2026-10-10 17:28:48 watchdog DEAD - relaunching
2026-10-10 17:48:24 fleetkeeper started (10-min patrol)
2026-10-10 17:58:43 fleetkeeper started (10-min patrol)
2026-10-10 17:58:46 harvest DEAD - relaunching
2026-10-10 19:29:27 harvest DEAD - relaunching
