Author identity unknown

*** Please tell me who you are.

Run

  git config --global user.email "you@example.com"
  git config --global user.name "Your Name"

to set your account's default identity.
Omit --global to set the identity only in this repository.

fatal: unable to auto-detect email address (got 'schof@mlslap173.(none)')
EXIT_128
[master ea19e14] grid: deploy 9 delphi-only entries (5 miro + 7 cursor results)
 8 files changed, 235 insertions(+), 128 deletions(-)
 create mode 100644 data/gitpush.log
 create mode 100644 data/report_daily_2026-10-07.html.bak
 create mode 100644 data/surge_deploy.log
[master 7f790f8] delphi3080: all 9 adjudications complete (shale supported .82, war supported .68, diplomatic inconclusive .35, gold refuted .70)
 12 files changed, 295 insertions(+), 12 deletions(-)
 create mode 100644 data/miro_verdicts/verdict_pred_1790961078_51.json
 create mode 100644 data/miro_verdicts/verdict_pred_20261001184750_ffead3b69bde.json
 create mode 100644 data/miro_verdicts/verdict_pred_20261001225017_fdadca3d67b3.json
 create mode 100644 data/miro_verdicts/verdict_pred_20261002000852_5326ed3a4e84.json
 create mode 100644 data/push2.log
 create mode 100644 data/push3.log
To https://github.com/martyschoff/veracity2.git
   a73267e..7f790f8  master -> master
[master f3ecd72] delphi3080 9/9: full queue drained; surge redeployed with 11 delphi entries
 2 files changed, 12 insertions(+)
To https://github.com/martyschoff/veracity2.git
   7f790f8..f3ecd72  master -> master
EXIT_0
