Here are 12 suggested FINANCE panel members for SeerScore.AI:

## Asia-Based (3)

| Name | Role/Affiliation | Why Track |
|------|------------------|-----------|
| **Michael Pettis** | Finance professor, Peking University | Leading voice on China debt, trade imbalances, makes frequent macro predictions |
| **Andy Xie** | Independent economist (ex-Morgan Stanley Asia) | Bold, contrarian China/Asia economic calls |
| **Jesper Koll** | Monex Group, Japan strategist | Prolific Japan market/BOJ policy predictor |

## Europe-Based (3)

| Name | Role/Affiliation | Why Track |
|------|------------------|-----------|
| **Albert Edwards** | Société Générale global strategist (UK) | Famous "Ice Age" thesis, persistent macro calls |
| **Steen Jakobsen** | CIO, Saxo Bank (Denmark) | Publishes annual "Outrageous Predictions" |
| **Jim O'Neill** | Former Goldman Sachs chairman (UK) | Coined "BRIC," frequent global economy predictions |

## US-Based (6)

| Name | Role/Affiliation | Why Track |
|------|------------------|-----------|
| **Cathie Wood** | CEO, ARK Invest | High-conviction tech/innovation price targets |
| **Nouriel Roubini** | Economist, "Dr. Doom" | Called 2008 crisis, frequent recession predictions |
| **Tom Lee** | Head of Research, Fundstrat | Prolific S&P/Bitcoin targets |
| **Ed Yardeni** | President, Yardeni Research | Veteran strategist, publishes regular market forecasts |
| **Peter Schiff** | CEO, Euro Pacific Capital | Persistent inflation/gold/dollar predictions |
| **Liz Ann Sonders** | Chief Investment Strategist, Schwab | Widely followed market outlook calls |

---

These individuals all make **public, timestamped predictions** on markets, rates, inflation, or asset prices—ideal for a predictions-vs-reality tracker. Want me to add alternates or adjust the mix?
