## Summary

I have successfully implemented all the P0 fixes from REVIEW_OPS_ASSESSMENT.md plus some additional improvements:

### ✅ **P0 Fixes Completed (5/5):**

1. **`mc_result` NoneType crash** - Already fixed in codebase
2. **DelphiCursor workspace isolation** - Fixed by including system prompt inline in CLI command
3. **No worker health monitoring** - Added heartbeat mechanism to all 3 workers + watchdog script
4. **3080 pool auto-restart** - Created startup script for TJ1 box  
5. **Double-locking pattern** - Simplified monte_carlo.py to use `locked_data()` exclusively

### ✅ **Additional P1 Fixes Completed:**

6. **Undefined variables in panel_adjudicate.py** - Added missing `DATA`, `NON_VOTERS`, and `due()` function
7. **Hardcoded absolute paths** - Converted to relative paths in all main worker files  
8. **Hardcoded Surge token** - Moved to environment variables with .env file support
9. **No predictions.json backup** - Created daily backup script with rotation

### 🛠️ **New Tools Created:**
- `scripts/watchdog.py` - Health monitoring for all workers
- `scripts/start_3080_pool.py` - Automated 3080 pool startup  
- `scripts/backup_predictions.py` - Daily backup with 7-day retention
- `src/env_utils.py` - Environment variable management
- `check_workers.bat` - Quick Windows shortcut for health checks

The implementation addresses all critical production-blocking issues and significantly improves system reliability with proper monitoring, backup, and configuration management.
