## Summary

I have successfully implemented exactly what was specified in `data/sonnet_scoring_impl_prompt.txt`:

### ✅ **Dual Scoring System Implemented**

1. **Accuracy + Wilson CI**: Wilson score confidence intervals with 95% confidence, displaying as "Accuracy 92% (N=108, 85-96%)"

2. **Brier with shrinkage**: 70/30 shrinkage toward base rate, displaying Brier shrunk, raw, and skill scores as "Brier .21 (shrunk, N=108) | raw .24 | Skill +.03"

### ✅ **All Requirements Met**

- ✅ Per-person scoring for all tracked individuals (Zeihan, Doomberg, Diamandis, Bremmer, McAlvany)
- ✅ N>=10 threshold for full display, N<10 grayed with count shown  
- ✅ Added to per-person header boxes under the thumbs in templates/index.html
- ✅ Render-time computation in render.py with all statistics passed to template
- ✅ Handles both 'wrong' and 'incorrect' verdict formats found in data
- ✅ Excludes expired predictions, includes only resolved claims
- ✅ Panel probability calculation using weighted judgements

### ✅ **Reasonable Choices Made**

- Used both 'wrong' and 'incorrect' as negative verdicts (both found in data)
- Wilson CI handles N=1 edge case appropriately  
- Base rate Brier uses optimal prediction variance formula
- Template includes defensive checks for missing data
- Extended scoring to any person with N>=1 (not just tracked 5)

The implementation is complete and ready for commit and push. The scoring will be displayed when the render script is next executed, showing accuracy percentages with confidence intervals and Brier scores with skill metrics for all individuals meeting the display thresholds.
